16.09.2019 10:25:57.200 FILE  common/logging.go/initLog:126            >>> Start - TEST 0.0.0 ----------------------------------------------------------------------------------------------------
16.09.2019 10:25:57.216 FILE  common/logging.go/initLog:127            >>> Cmdline : "C:\Users\ransom\AppData\Local\Temp\___test.exe"
16.09.2019 10:25:57.219 INFO  common/app.go/Start:345                  Start()
16.09.2019 10:25:57.222 INFO  common/app.go/Stop:371                   Stop()
16.09.2019 10:25:57.225 DEBUG common/io.go/deleteTempDir:69            DeleteTempDir(): C:\Users\ransom\AppData\Local\Temp\test852706231
16.09.2019 10:25:57.227 DEBUG common/io.go/FileExists:162              FileExists C:\Users\ransom\AppData\Local\Temp\test852706231: true
16.09.2019 10:25:57.229 FILE  common/logging.go/closeLogfile:190       <<< End - TEST 0.0.0 ----------------------------------------------------------------------------------------------------
16.09.2019 10:43:16.076 FILE  common/logging.go/initLog:126            >>> Start - TEST 0.0.0 ----------------------------------------------------------------------------------------------------
16.09.2019 10:43:16.092 FILE  common/logging.go/initLog:127            >>> Cmdline : "C:\Users\ransom\AppData\Local\Temp\___test.exe"
16.09.2019 10:43:16.094 INFO  common/app.go/Start:345                  Start()
16.09.2019 10:43:16.096 INFO  common/app.go/Stop:371                   Stop()
16.09.2019 10:43:16.098 DEBUG common/io.go/deleteTempDir:69            DeleteTempDir(): C:\Users\ransom\AppData\Local\Temp\test015682075
16.09.2019 10:43:16.099 DEBUG common/io.go/FileExists:162              FileExists C:\Users\ransom\AppData\Local\Temp\test015682075: true
16.09.2019 10:43:16.102 FILE  common/logging.go/closeLogfile:190       <<< End - TEST 0.0.0 ----------------------------------------------------------------------------------------------------
